// Jest Snapshot v1, https://goo.gl/fbAQLP

exports[`getEndangeredRhinosSummary => should return endangered rhinos summary 1`] = `
Object {
  "indian_rhinoceros": Object {
    "count": 1,
    "rhinos": Array [
      Object {
        "id": "cd3f1257-0902-49b5-a9ca-857313228c23",
        "name": "Phil",
      },
    ],
  },
  "javan_rhinoceros": undefined,
  "white_rhinoceros": undefined,
}
`;
